******************************************************************************
                  TI ARM Linker PC v20.2.5                     
******************************************************************************
>> Linked Mon Nov  4 14:00:20 2024

OUTPUT FILE NAME:   <apisiz_lcd_odev.out>
ENTRY POINT SYMBOL: "_c_int00_noinit_noargs"  address: 000006a9


MEMORY CONFIGURATION

         name            origin    length      used     unused   attr    fill
----------------------  --------  ---------  --------  --------  ----  --------
  FLASH                 00000000   00040000  0000070e  0003f8f2  R  X
  SRAM                  20000000   00008000  00000200  00007e00  RW X


SEGMENT ALLOCATION MAP

run origin  load origin   length   init length attrs members
----------  ----------- ---------- ----------- ----- -------
00000000    00000000    0000070e   0000070e    r-x
  00000000    00000000    0000026c   0000026c    r-- .intvecs
  0000026c    0000026c    000004a2   000004a2    r-x .text
20000000    20000000    00000200   00000000    rw-
  20000000    20000000    00000200   00000000    rw- .stack


SECTION ALLOCATION MAP

 output                                  attributes/
section   page    origin      length       input sections
--------  ----  ----------  ----------   ----------------
.intvecs   0    00000000    0000026c     
                  00000000    0000026c     tm4c123gh6pm_startup_ccs.obj (.intvecs)

.text      0    0000026c    000004a2     
                  0000026c    0000017c     main.obj (.text)
                  000003e8    0000016c     driverlib.lib : gpio.obj (.text:GPIOPadConfigSet)
                  00000554    000000f4                   : sysctl.obj (.text:SysCtlClockSet)
                  00000648    00000034                   : sysctl.obj (.text:SysCtlPeripheralEnable)
                  0000067c    0000002c                   : gpio.obj (.text:GPIODirModeSet)
                  000006a8    0000002c     rtsv7M4_T_le_v4SPD16_eabi.lib : boot_cortex_m.c.obj (.text:_c_int00_noinit_noargs:_c_int00_noinit_noargs)
                  000006d4    0000001a     driverlib.lib : gpio.obj (.text:GPIOPinTypeGPIOOutput)
                  000006ee    0000000c     tm4c123gh6pm_startup_ccs.obj (.text)
                  000006fa    00000006     driverlib.lib : gpio.obj (.text:GPIOPinWrite)
                  00000700    00000006                   : sysctl.obj (.text:SysCtlDelay)
                  00000706    00000004     rtsv7M4_T_le_v4SPD16_eabi.lib : pre_init.c.obj (.text:_system_pre_init)
                  0000070a    00000004                                   : exit.c.obj (.text:abort:abort)

.cinit     0    00000000    00000000     UNINITIALIZED

.init_array 
*          0    00000000    00000000     UNINITIALIZED

.stack     0    20000000    00000200     UNINITIALIZED
                  20000000    00000004     rtsv7M4_T_le_v4SPD16_eabi.lib : boot_cortex_m.c.obj (.stack)
                  20000004    000001fc     --HOLE--

__llvm_prf_cnts 
*          0    20000000    00000000     UNINITIALIZED

MODULE SUMMARY

       Module                         code   ro data   rw data
       ------                         ----   -------   -------
    .\
       tm4c123gh6pm_startup_ccs.obj   12     620       0      
       main.obj                       380    0         0      
    +--+------------------------------+------+---------+---------+
       Total:                         392    620       0      
                                                              
    C:/ti/TivaWare_C_Series-2.2.0.295/driverlib/ccs/Debug/driverlib.lib
       gpio.obj                       440    0         0      
       sysctl.obj                     302    0         0      
    +--+------------------------------+------+---------+---------+
       Total:                         742    0         0      
                                                              
    C:\ti\ccs1120\ccs\tools\compiler\ti-cgt-arm_20.2.5.LTS\lib\rtsv7M4_T_le_v4SPD16_eabi.lib
       boot_cortex_m.c.obj            44     0         0      
       exit.c.obj                     4      0         0      
       pre_init.c.obj                 4      0         0      
    +--+------------------------------+------+---------+---------+
       Total:                         52     0         0      
                                                              
       Stack:                         0      0         512    
    +--+------------------------------+------+---------+---------+
       Grand Total:                   1186   620       512    


GLOBAL SYMBOLS: SORTED ALPHABETICALLY BY Name 

address   name                   
-------   ----                   
0000070b  C$$EXIT                
0000067d  GPIODirModeSet         
000003e9  GPIOPadConfigSet       
000006d5  GPIOPinTypeGPIOOutput  
000006fb  GPIOPinWrite           
00000291  LCDCommand             
000002fb  LCDInit                
0000035f  LCDWriteChar           
000006ef  ResetISR               
00000555  SysCtlClockSet         
00000701  SysCtlDelay            
00000649  SysCtlPeripheralEnable 
20000200  __STACK_END            
00000200  __STACK_SIZE           
20000200  __STACK_TOP            
ffffffff  __TI_pprof_out_hndl    
ffffffff  __TI_prof_data_size    
ffffffff  __TI_prof_data_start   
00000000  __TI_static_base__     
ffffffff  __binit__              
ffffffff  __c_args__             
UNDEFED   __mpu_init             
20000000  __stack                
20000000  __start___llvm_prf_cnts
20000000  __stop___llvm_prf_cnts 
000006a9  _c_int00_noinit_noargs 
00000707  _system_pre_init       
0000070b  abort                  
ffffffff  binit                  
0000026d  delay                  
00000000  g_pfnVectors           
000003c9  main                   


GLOBAL SYMBOLS: SORTED BY Symbol Address 

address   name                   
-------   ----                   
00000000  __TI_static_base__     
00000000  g_pfnVectors           
00000200  __STACK_SIZE           
0000026d  delay                  
00000291  LCDCommand             
000002fb  LCDInit                
0000035f  LCDWriteChar           
000003c9  main                   
000003e9  GPIOPadConfigSet       
00000555  SysCtlClockSet         
00000649  SysCtlPeripheralEnable 
0000067d  GPIODirModeSet         
000006a9  _c_int00_noinit_noargs 
000006d5  GPIOPinTypeGPIOOutput  
000006ef  ResetISR               
000006fb  GPIOPinWrite           
00000701  SysCtlDelay            
00000707  _system_pre_init       
0000070b  C$$EXIT                
0000070b  abort                  
20000000  __stack                
20000000  __start___llvm_prf_cnts
20000000  __stop___llvm_prf_cnts 
20000200  __STACK_END            
20000200  __STACK_TOP            
ffffffff  __TI_pprof_out_hndl    
ffffffff  __TI_prof_data_size    
ffffffff  __TI_prof_data_start   
ffffffff  __binit__              
ffffffff  __c_args__             
ffffffff  binit                  
UNDEFED   __mpu_init             

[32 symbols]
