******************************************************************************
                  TI ARM Linker PC v20.2.5                     
******************************************************************************
>> Linked Sat Nov 16 14:07:13 2024

OUTPUT FILE NAME:   <timer_odev_vol1.out>
ENTRY POINT SYMBOL: "_c_int00_noargs"  address: 000009b9


MEMORY CONFIGURATION

         name            origin    length      used     unused   attr    fill
----------------------  --------  ---------  --------  --------  ----  --------
  FLASH                 00000000   00040000  00000ae4  0003f51c  R  X
  SRAM                  20000000   00008000  00000203  00007dfd  RW X


SEGMENT ALLOCATION MAP

run origin  load origin   length   init length attrs members
----------  ----------- ---------- ----------- ----- -------
00000000    00000000    00000ae8   00000ae8    r-x
  00000000    00000000    0000026c   0000026c    r-- .intvecs
  0000026c    0000026c    000007f4   000007f4    r-x .text
  00000a60    00000a60    0000006c   0000006c    r-- .const
  00000ad0    00000ad0    00000018   00000018    r-- .cinit
20000000    20000000    00000203   00000000    rw-
  20000000    20000000    00000200   00000000    rw- .stack
  20000200    20000200    00000003   00000000    rw- .data


SECTION ALLOCATION MAP

 output                                  attributes/
section   page    origin      length       input sections
--------  ----  ----------  ----------   ----------------
.intvecs   0    00000000    0000026c     
                  00000000    0000026c     tm4c123gh6pm_startup_ccs.obj (.intvecs)

.text      0    0000026c    000007f4     
                  0000026c    00000258     main.obj (.text)
                  000004c4    0000016c     driverlib.lib : gpio.obj (.text:GPIOPadConfigSet)
                  00000630    00000118                   : sysctl.obj (.text:SysCtlClockGet)
                  00000748    000000f4                   : sysctl.obj (.text:SysCtlClockSet)
                  0000083c    0000009c     rtsv7M4_T_le_v4SPD16_eabi.lib : memcpy_t2.asm.obj (.text)
                  000008d8    00000068                                   : copy_decompress_lzss.c.obj (.text:decompress:lzss:__TI_decompress_lzss)
                  00000940    00000044                                   : autoinit.c.obj (.text:__TI_auto_init_nobinit_nopinit:__TI_auto_init_nobinit_nopinit)
                  00000984    00000034     driverlib.lib : sysctl.obj (.text:SysCtlPeripheralEnable)
                  000009b8    00000034     rtsv7M4_T_le_v4SPD16_eabi.lib : boot_cortex_m.c.obj (.text:_c_int00_noargs:_c_int00_noargs)
                  000009ec    0000002c     driverlib.lib : gpio.obj (.text:GPIODirModeSet)
                  00000a18    0000001a                   : gpio.obj (.text:GPIOPinTypeGPIOOutput)
                  00000a32    0000000e     rtsv7M4_T_le_v4SPD16_eabi.lib : copy_decompress_none.c.obj (.text:decompress:none:__TI_decompress_none)
                  00000a40    0000000c     tm4c123gh6pm_startup_ccs.obj (.text)
                  00000a4c    00000006     driverlib.lib : gpio.obj (.text:GPIOPinWrite)
                  00000a52    00000006                   : sysctl.obj (.text:SysCtlDelay)
                  00000a58    00000004     rtsv7M4_T_le_v4SPD16_eabi.lib : pre_init.c.obj (.text:_system_pre_init)
                  00000a5c    00000004                                   : exit.c.obj (.text:abort:abort)

.const     0    00000a60    0000006c     
                  00000a60    0000006c     driverlib.lib : sysctl.obj (.const:g_pui32Xtals)

.cinit     0    00000ad0    00000018     
                  00000ad0    00000008     (__TI_handler_table)
                  00000ad8    00000007     (.cinit..data.load) [load image, compression = lzss]
                  00000adf    00000001     --HOLE-- [fill = 0]
                  00000ae0    00000008     (__TI_cinit_table)

.init_array 
*          0    00000000    00000000     UNINITIALIZED

.data      0    20000200    00000003     UNINITIALIZED
                  20000200    00000003     main.obj (.data)

.stack     0    20000000    00000200     UNINITIALIZED
                  20000000    00000004     rtsv7M4_T_le_v4SPD16_eabi.lib : boot_cortex_m.c.obj (.stack)
                  20000004    000001fc     --HOLE--

__llvm_prf_cnts 
*          0    20000000    00000000     UNINITIALIZED

MODULE SUMMARY

       Module                         code   ro data   rw data
       ------                         ----   -------   -------
    .\
       tm4c123gh6pm_startup_ccs.obj   12     620       0      
       main.obj                       600    0         3      
    +--+------------------------------+------+---------+---------+
       Total:                         612    620       3      
                                                              
    C:/ti/TivaWare_C_Series-2.2.0.295/driverlib/ccs/Debug/driverlib.lib
       sysctl.obj                     582    108       0      
       gpio.obj                       440    0         0      
    +--+------------------------------+------+---------+---------+
       Total:                         1022   108       0      
                                                              
    C:\ti\ccs1120\ccs\tools\compiler\ti-cgt-arm_20.2.5.LTS\lib\rtsv7M4_T_le_v4SPD16_eabi.lib
       memcpy_t2.asm.obj              156    0         0      
       copy_decompress_lzss.c.obj     104    0         0      
       autoinit.c.obj                 68     0         0      
       boot_cortex_m.c.obj            52     0         0      
       copy_decompress_none.c.obj     14     0         0      
       exit.c.obj                     4      0         0      
       pre_init.c.obj                 4      0         0      
    +--+------------------------------+------+---------+---------+
       Total:                         402    0         0      
                                                              
       Stack:                         0      0         512    
       Linker Generated:              0      23        0      
    +--+------------------------------+------+---------+---------+
       Grand Total:                   2036   751       515    


LINKER GENERATED COPY TABLES

__TI_cinit_table @ 00000ae0 records: 1, size/record: 8, table size: 8
	.data: load addr=00000ad8, load size=00000007 bytes, run addr=20000200, run size=00000003 bytes, compression=lzss


LINKER GENERATED HANDLER TABLE

__TI_handler_table @ 00000ad0 records: 2, size/record: 4, table size: 8
	index: 0, handler: __TI_decompress_lzss
	index: 1, handler: __TI_decompress_none


GLOBAL SYMBOLS: SORTED ALPHABETICALLY BY Name 

address   name                          
-------   ----                          
00000a5d  C$$EXIT                       
000003fd  FormatTime                    
000009ed  GPIODirModeSet                
000004c5  GPIOPadConfigSet              
00000a19  GPIOPinTypeGPIOOutput         
00000a4d  GPIOPinWrite                  
000002e3  LCD_Command                   
00000351  LCD_Init                      
00000373  LCD_WriteChar                 
000003e1  LCD_WriteString               
00000a41  ResetISR                      
00000631  SysCtlClockGet                
00000749  SysCtlClockSet                
00000a53  SysCtlDelay                   
00000985  SysCtlPeripheralEnable        
20000200  __STACK_END                   
00000200  __STACK_SIZE                  
20000200  __STACK_TOP                   
00000ae0  __TI_CINIT_Base               
00000ae8  __TI_CINIT_Limit              
00000ad0  __TI_Handler_Table_Base       
00000ad8  __TI_Handler_Table_Limit      
00000941  __TI_auto_init_nobinit_nopinit
000008d9  __TI_decompress_lzss          
00000a33  __TI_decompress_none          
ffffffff  __TI_pprof_out_hndl           
ffffffff  __TI_prof_data_size           
ffffffff  __TI_prof_data_start          
00000000  __TI_static_base__            
0000083d  __aeabi_memcpy                
0000083d  __aeabi_memcpy4               
0000083d  __aeabi_memcpy8               
ffffffff  __binit__                     
ffffffff  __c_args__                    
UNDEFED   __mpu_init                    
20000000  __stack                       
20000000  __start___llvm_prf_cnts       
20000000  __stop___llvm_prf_cnts        
000009b9  _c_int00_noargs               
UNDEFED   _system_post_cinit            
00000a59  _system_pre_init              
00000a5d  abort                         
ffffffff  binit                         
00000491  delayMs                       
00000000  g_pfnVectors                  
20000200  hours                         
0000026d  main                          
0000083d  memcpy                        
20000201  minutes                       
20000202  seconds                       


GLOBAL SYMBOLS: SORTED BY Symbol Address 

address   name                          
-------   ----                          
00000000  __TI_static_base__            
00000000  g_pfnVectors                  
00000200  __STACK_SIZE                  
0000026d  main                          
000002e3  LCD_Command                   
00000351  LCD_Init                      
00000373  LCD_WriteChar                 
000003e1  LCD_WriteString               
000003fd  FormatTime                    
00000491  delayMs                       
000004c5  GPIOPadConfigSet              
00000631  SysCtlClockGet                
00000749  SysCtlClockSet                
0000083d  __aeabi_memcpy                
0000083d  __aeabi_memcpy4               
0000083d  __aeabi_memcpy8               
0000083d  memcpy                        
000008d9  __TI_decompress_lzss          
00000941  __TI_auto_init_nobinit_nopinit
00000985  SysCtlPeripheralEnable        
000009b9  _c_int00_noargs               
000009ed  GPIODirModeSet                
00000a19  GPIOPinTypeGPIOOutput         
00000a33  __TI_decompress_none          
00000a41  ResetISR                      
00000a4d  GPIOPinWrite                  
00000a53  SysCtlDelay                   
00000a59  _system_pre_init              
00000a5d  C$$EXIT                       
00000a5d  abort                         
00000ad0  __TI_Handler_Table_Base       
00000ad8  __TI_Handler_Table_Limit      
00000ae0  __TI_CINIT_Base               
00000ae8  __TI_CINIT_Limit              
20000000  __stack                       
20000000  __start___llvm_prf_cnts       
20000000  __stop___llvm_prf_cnts        
20000200  __STACK_END                   
20000200  __STACK_TOP                   
20000200  hours                         
20000201  minutes                       
20000202  seconds                       
ffffffff  __TI_pprof_out_hndl           
ffffffff  __TI_prof_data_size           
ffffffff  __TI_prof_data_start          
ffffffff  __binit__                     
ffffffff  __c_args__                    
ffffffff  binit                         
UNDEFED   __mpu_init                    
UNDEFED   _system_post_cinit            

[50 symbols]
